adobe-source-code-pro-fonts
anyrun-git
archlinux-tweak-tool-git
asunder
autoconf
automake
awesome-terminal-fonts
bluemail
blueman
bluez
bluez-utils
bluez-utils
bottles
bottom
brave-bin
bridge-utils
brightnessctl
brltty
broadcom-wl
brother-hll2320d
buildcache
cavalier
cliphist
clonezilla
cpu-x-opencl
cue-git
cups-pdf
czkawka-gui
dolphin
dotdrop
dotnet-sdk
downgrade
dunst
dxvk-bin
efibootmgr
electron
egl-wayland
exfat-utils
eza
fastfetch
feh
ffmpegthumbnailer
ffnvcodec-headers
flatpak
flex
fnm-bin
font-manager
fuseiso
g-ls
gptfdisk
grimblast-git
grub-customizer
gst-plugin-pipewire
gtk-engine-murrine
gtk2+extra
gtk3
gtk4-git
helix-git
hyfetch-extra-git
hyprland-git
hyprpicker-git
implay
imagescan
img2pdf
inetutils
intel-gmmlib
intel-graphics-compiler
intel-hybrid-codec-driver-git
jdk-openjdk
joshuto-bin
jq
kate-root
kde-cli-tools
kdsoap-qt6
kitty
kvantum
kvantum
lapce-git
lazygit
lib32-egl-wayland
lib32-gtk2
lib32-libvdpau
lib32-libxnvctrl
lib32-mesa
lib32-nvidia-utils
lib32-opencl-nvidia
lib32-vulkan-intel
lib32-vulkan-tools
lib32-vulkan-validation-layers
libdvdcss
libtool
libva-intel-driver-hybrid
libva-nvidia-driver-git
libvdpau-va-gl
libvips-git
libx11
libxdp
libxnvctrl
linux-zen
linux-zen-headers
lmaofetch
lsd
lsof
lua-language-server
mako
marker-git
mdbook-katex
microsoft-edge-stable-bin
mono-msbuild
mupdf-git
neovim
networkmanager
network-manager-applet
noise-suppression-for-voice
ntfsprogs-ntfs3
ntloader-git
ntp
nvidia-dkms
nvidia-prime-rtd3pm
nvidia-settings
nvidia-utils
nvidia-exec-git
nvidia-sdk
nvim-treesitter-parsers-git
nvtop
nvme-cli
nwg-displays
nwg-look-bin
oh-my-zsh-git
okular-git
opencl-nvidia
openssh
os-prober
pacman-contrib
pamixer
parallel
patch
pavucontrol
pcmanfm-qt6-git
peazip-qt5
pipes-rs
pipewire
pipewire-audio
pipewire-jack
pipewire-pulse
playerctl
pnpm
pokemon-colorscripts-git
polkit-kde-agent
polkit-qt6
poppler-qt6
pulsemixer
pyprland
python-pip
python-pipx
python-psutil
python-pypdf
python-pywal
qbittorrent-enhanced-git
qt5ct
qt5-graphicaleffects
qt5gtk2
qt5-imageformats
qt5-quartz-git
qt5-quickcontrols
qt5-quickcontrols2
qt5-svg
qt5-wayland
qt5-webglplugin
qt5-webview
qt5-xcb-private-headers
qt6ct
qt6gtk2-git
qt6-imageformats
qt6-multimedia-ffmpeg
qt6-shadertools
qt6-wayland
qt6-webchannel
qt6-webengine
qt6-webview
rainfall
ramfetch
rofi-lbonn-wayland-git
sddm-git
sioyek-git
skim
slurp
spotify-adblock-git
spotify-wayland
swappy
tailwindcss-language-server
swaybg
swayidle
swaylock-effects-git
swww
tap
terminus-font
thonny-git
thunar
thunar-archive-plugin
toolkit
ttf-nerd-fonts-symbols-common
typescript-language-server
ufw
unrar
unzip
vkdevicechooser-git
vlc-wayland-git
vscode-css-languageserver
vscode-html-languageserver
vscode-json-languageserver
vscode-markdown-languageserver
vulkan-extra-layers
vulkan-extra-tools
vulkan-headers
vulkan-intel
vulkan-utility-libraries
waybar-hyprland-git
waypaper-git
webkitgtk
wezterm-git
wf-recorder
which
wine-ge-custom
winegui
winetricks
wireplumber
wl-clipboard
wlogout
wlroots-nvidia-git
wlr-randr
wrapland-git
xcp
xdg-desktop-portal-hyprland
xorgxrdp-nvidia
xorg-xwayland-git
xwaylandvideobridge-git
yaml-language-server
yazi-git
zathura-pdf-mupdf-git
zsh
zsh-auto-notify
zsh-autosuggestions
zsh-syntax-highlighting
zsh-theme-powerlevel10k