linux-zen
linux-zen-headers
hyprland-git
nvidia-535xx-dkms
nvidia-535xx-utils
nvidia-535xx-settings
lib32-nvidia-535xx-utils
opencl-nvidia-535xx
lib32-opencl-nvidia-535xx
nvidia-sdk
nvidia-prime-rtd3pm
libva-nvidia-driver-git
libva-vdpau-driver-wayland
libva-intel-driver 
libvdpau-va-gl
lib32-vulkan-intel
vulkan-intel
libva-intel-driver
libva-utils-git
lib32-mesa
pipewire
pipewire-audio
pipewire-jack
pipewire-pulse
gst-plugin-pipewire
wireplumber
networkmanager
network-manager-applet
bluez
bluez-utils
blueman
sddm-git
qt5-wayland
qt6-wayland
qt5ct
qt6ct
qt5-svg
qt5-quartz-git
qt5-quickcontrols
qt5-quickcontrols2
qt5-graphicaleffects
qt5-imageformats
gtk3
dunst
mako
rofi-lbonn-wayland-git
waybar-hyprland-git
swww
swaybg
swayidle
swaylock-effects-git
wlogout
grimblast-git
slurp
swappy
wf-recorder
wl-randr
nwg-displays
wl-clipboard
cliphist
xdg-desktop-portal-hyprland
xorg-xwayland-git
xwaylandvideobridge-git
egl-wayland
polkit-kde-agent
pacman-contrib
parallel
jq
feh
kde-cli-tools
brightnessctl
pavucontrol
pamixer
nwg-look-bin
kvantum
firefox
brave-bin
microsoft-edge-stable-bin
bluemail
kitty
wezterm-git
neofetch
hyfetch
fastfetch
ramfetch
nvtop
bottom
dolphin
thunar
thunar-archive-plugin
yazi-git
joshuto-bin
neovim
ark
zsh
eza
lsd
oh-my-zsh-git
zsh-theme-powerlevel10k-git	
pokemon-colorscripts-git
ttf-jetbrains-mono-nerd 
noto-fonts-emoji