linux-zen
linux-zen-headers
hyprland-git
wlroots-nvidia-git
nvidia-dkms
nvidia-utils
nvidia-settings
lib32-nvidia-utils
opencl-nvidia
lib32-opencl-nvidia
libxnvctrl
lib32-libxnvctrl
ffnvcodec-headers
libx11
autoconf
automake
buildcache
nvidia-prime-rtd3pm
libva-nvidia-driver-git
libvdpau-va-gl
lib32-libvdpau
intel-hybrid-codec-driver-git
libva-intel-driver-hybrid
lib32-vulkan-intel
vulkan-intel
vulkan-headers
vulkan-utility-libraries
vkdevicechooser-git
lib32-mesa
dxvk-bin
exfat-utils
flex
fuseiso
efibootmgr
ntloader-git
ntfsprogs-ntfs3
libdvdcss
libtool
lsof
ntp
openssh
gptfdisk
os-prober
grub-customizer
kitty
awesome-terminal-fonts
pipewire
pipewire-audio
pipewire-jack
pipewire-pulse
gst-plugin-pipewire
noise-suppression-for-voice
pulsemixer
wireplumber
networkmanager
network-manager-applet
bluez
bluez-utils
bridge-utils
blueman
sddm-git
kvantum
qt5-wayland
qt6-wayland
qt5ct
qt6ct
qt5-svg
qt5-quartz-git
qt5-quickcontrols
qt5-quickcontrols2
qt5-graphicaleffects
qt5-imageformats
qt5-webglplugin
qt5-webview
qt5-xcb-private-headers
qt6-webengine
qt6-webchannel
qt6-webview
qt6-shadertools
qt6-imageformats
qt6-multimedia-ffmpeg
webkit2gtk
webkit2gtk-4.1
gtk3
gtk4-git
qt5gtk2
qt6gtk2-git
jdk-openjdk
dotnet-sdk
dunst
mako
rofi-lbonn-wayland-git
anyrun-git
waybar-hyprland-git
swww
swaybg
waypaper-git
ffmpegthumbnailer
swayidle
swaylock-effects-git
wlogout
grimblast-git
hyprpicker-git
slurp
swappy
wf-recorder
wlr-randr
nwg-displays
wl-clipboard
cliphist
xdg-desktop-portal-hyprland
libxdp
xorg-xwayland-git
xorgxrdp-nvidia
xwaylandvideobridge-git
egl-wayland
lib32-egl-wayland
wrapland-git
polkit-kde-agent
pacman-contrib
patch
parallel
python-psutil
python-pip
python-pipx
python-pypdf
python-pywal
thonny-git
playerctl
pyprland
jq
feh
libvips-git
tap
cue-git
cavalier
kde-cli-tools
brightnessctl
pavucontrol
pamixer
archlinux-tweak-tool-git
nwg-look-bin
kvantum
brave-bin
microsoft-edge-stable-bin
bluemail
terminus-font
wezterm-git
hyfetch-extra-git
fastfetch
rainfall
pipes-rs
nvtop
which
bottom
dolphin
thunar
thunar-archive-plugin
yazi-git
joshuto-bin
neovim
nvim-treesitter-parsers-git
helix-git
toolkit
mupdf-git
zathura-pdf-mupdf-git
sioyek-git
mdbook-katex
marker-git
kate-root
lazygit
dotdrop
p7zip
unrar
unzip
eza
lsd
fnm
zsh
zsh-syntax-highlighting
zsh-autosuggestions
zsh-auto-notify
oh-my-zsh-git
zsh-theme-powerlevel10k
pokemon-colorscripts-git
ttf-nerd-fonts-symbols-common
adobe-source-code-pro-fonts
ufw
wine-ge-custom
winetricks
winegui
bottles
qbittorrent-enhanced-git
vlc-wayland-git
implay
spotify-adblock
spotify-wayland
